// Vitest Snapshot v1, https://vitest.dev/guide/snapshot.html

exports[`shows reported context and aligned usage, preserves wrapped rails, then collapses 1`] = `
"⠋ ▼ Review                            0/2 · 0ms

├─ ⠋ Review runtime                         0ms
│    test-model · shared · delegated
│    Reading a long source path that wraps onto
│     several terminal lines
└─ ○ Publish                             queued"
`;
